[10-03 07:03:22] waiting for GPU-quota reset at 2026-10-03 09:05 (now 07:03); corpus rows=15914
[10-03 07:34:52] waiting for GPU-quota reset at 2026-10-03 09:05 (now 07:34); corpus rows=15914
[10-03 08:05:04] waiting for GPU-quota reset at 2026-10-03 09:05 (now 08:05); corpus rows=15914
[10-03 08:35:06] waiting for GPU-quota reset at 2026-10-03 09:05 (now 08:35); corpus rows=15914
[10-03 09:05:06] reset window reached -> pushing r1
[10-03 09:05:06] $ (kaggle) D:\Miniconda\envs\laya-ft\python.exe -m kaggle kernels push -p C:\kaggle_cfg\stage\kernel_v11_r1
[10-03 09:05:11] Kernel version 9 successfully pushed.  Please check progress at https://www.kaggle.com/code/daphnelaurent/laya-nli-conflict-ce
[10-03 09:35:40] $ (kaggle) D:\Miniconda\envs\laya-ft\python.exe -m kaggle kernels status daphnelaurent/laya-nli-conflict-ce
[10-03 09:35:43] daphnelaurent/laya-nli-conflict-ce has status "KernelWorkerStatus.COMPLETE"
[10-03 09:35:43] $ (kaggle) D:\Miniconda\envs\laya-ft\python.exe -m kaggle kernels output daphnelaurent/laya-nli-conflict-ce -p C:\kaggle_cfg\stage\kernel_v11_r1_out
[10-03 09:39:11] Output file downloaded to C:\kaggle_cfg\stage\kernel_v11_r1_out\laya-nli-conflict/metrics.json
Output file downloaded to C:\kaggle_cfg\stage\kernel_v11_r1_out\laya-nli-conflict/model.safetensors
Output file downloaded to C:\kaggle_cfg\stage\kernel_v11_r1_out\laya-nli-conflict/rl_agent_config.json
Output file downloaded to C:\kaggle_cfg\stage\kernel_v11_r1_out\laya-nli-conflict/tokenizer/tokenizer.json
Output file downloaded to C:\kaggle_cfg\stage\kernel_v11_r1_out\laya-nli-conflict/tokenizer/tokenizer_config.json
Output file downloaded to C:\kaggle_cfg\stage\kernel_v11_r1_out\laya-nli-conflict/val_probs.json
Output file downloaded to C:\kaggle_cfg\stage\kernel_v11_r1_out\train_nli_conflict.py
Kernel log downloaded to C:\kaggle_cfg\stage\kernel_v11_r1_out\laya-nli-conflict-ce.log
[10-03 09:39:11] FATAL: pull incomplete: missing model.safetensors -> state=ERROR_pull_r1 (no further pushes; human review)
[10-03 10:05:03] state=ERROR_pull_r1 — no-op (human review / finished)
[10-03 10:35:51] state=ERROR_pull_r1 — no-op (human review / finished)
[10-03 11:05:25] state=ERROR_pull_r1 — no-op (human review / finished)
[10-03 11:35:26] state=ERROR_pull_r1 — no-op (human review / finished)
[10-03 12:06:21] state=ERROR_pull_r1 — no-op (human review / finished)
[10-03 12:28:11] $ (kaggle) D:\Miniconda\envs\laya-ft\python.exe -m kaggle kernels output daphnelaurent/laya-nli-conflict-ce -p C:\kaggle_cfg\stage\kernel_v11_r1_out
[10-03 12:39:39] Output file downloaded to C:\kaggle_cfg\stage\kernel_v11_r1_out\laya-nli-conflict/checkpoint_latest/encoder/config.json

('Connection broken: IncompleteRead(639515401 bytes read, 4320123 more expected)', IncompleteRead(639515401 bytes read, 4320123 more expected))
[10-03 12:39:39] FATAL: rc=1: D:\Miniconda\envs\laya-ft\python.exe -m kaggle kernels output daphnelaurent/laya-nli-conflict-ce -p C:\kaggle_cfg\stage\kernel_v11_r1_out -> state=ERROR_pull_r1 (no further pushes; human review)
[10-03 12:43:05] $ (kaggle) D:\Miniconda\envs\laya-ft\python.exe -m kaggle kernels output daphnelaurent/laya-nli-conflict-ce -p C:\kaggle_cfg\stage\kernel_v11_r1_out
[10-03 12:46:19] Output file downloaded to C:\kaggle_cfg\stage\kernel_v11_r1_out\laya-nli-conflict/checkpoint_latest/encoder/config.json

('Connection broken: IncompleteRead(376293636 bytes read, 267541888 more expected)', IncompleteRead(376293636 bytes read, 267541888 more expected))
[10-03 12:46:19] pull attempt 1/3 failed; retry in 60s
[10-03 12:47:19] $ (kaggle) D:\Miniconda\envs\laya-ft\python.exe -m kaggle kernels output daphnelaurent/laya-nli-conflict-ce -p C:\kaggle_cfg\stage\kernel_v11_r1_out
[10-03 12:47:44] ('Connection aborted.', RemoteDisconnected('Remote end closed connection without response'))
[10-03 12:47:44] pull attempt 2/3 failed; retry in 60s
[10-03 12:48:44] $ (kaggle) D:\Miniconda\envs\laya-ft\python.exe -m kaggle kernels output daphnelaurent/laya-nli-conflict-ce -p C:\kaggle_cfg\stage\kernel_v11_r1_out
[10-03 12:49:20]     http_response = self._session.send(http_request, **settings)
                    ^^^^^^^^^^^^^^^^^^^^^^^^^^^^^^^^^^^^^^^^^^^^
  File "D:\Miniconda\envs\laya-ft\Lib\site-packages\requests\sessions.py", line 784, in send
    r = adapter.send(request, **kwargs)
        ^^^^^^^^^^^^^^^^^^^^^^^^^^^^^^^
  File "D:\Miniconda\envs\laya-ft\Lib\site-packages\requests\adapters.py", line 727, in send
    raise SSLError(e, request=request)
requests.exceptions.SSLError: HTTPSConnectionPool(host='api.kaggle.com', port=443): Max retries exceeded with url: /v1/security.OAuthService/IntrospectToken (Caused by SSLError(SSLEOFError(8, '[SSL: UNEXPECTED_EOF_WHILE_READING] EOF occurred in violation of protocol (_ssl.c:1016)')))
[10-03 12:49:20] FATAL: rc=1: D:\Miniconda\envs\laya-ft\python.exe -m kaggle kernels output daphnelaurent/laya-nli-conflict-ce -p C:\kaggle_cfg\stage\kernel_v11_r1_out -> state=ERROR_pull_r1 (no further pushes; human review)
[10-03 12:52:33] $ (kaggle) D:\Miniconda\envs\laya-ft\python.exe -m kaggle kernels output daphnelaurent/laya-nli-conflict-ce -p C:\kaggle_cfg\stage\kernel_v11_r1_out
[10-03 12:52:54]     http_response = self._session.send(http_request, **settings)
                    ^^^^^^^^^^^^^^^^^^^^^^^^^^^^^^^^^^^^^^^^^^^^
  File "D:\Miniconda\envs\laya-ft\Lib\site-packages\requests\sessions.py", line 784, in send
    r = adapter.send(request, **kwargs)
        ^^^^^^^^^^^^^^^^^^^^^^^^^^^^^^^
  File "D:\Miniconda\envs\laya-ft\Lib\site-packages\requests\adapters.py", line 727, in send
    raise SSLError(e, request=request)
requests.exceptions.SSLError: HTTPSConnectionPool(host='api.kaggle.com', port=443): Max retries exceeded with url: /v1/security.OAuthService/IntrospectToken (Caused by SSLError(SSLEOFError(8, '[SSL: UNEXPECTED_EOF_WHILE_READING] EOF occurred in violation of protocol (_ssl.c:1016)')))
[10-03 12:52:54] pull attempt 1/3 network-failed; retry in 120s
[10-03 12:54:54] $ (kaggle) D:\Miniconda\envs\laya-ft\python.exe -m kaggle kernels output daphnelaurent/laya-nli-conflict-ce -p C:\kaggle_cfg\stage\kernel_v11_r1_out
[10-03 12:57:33] Output file downloaded to C:\kaggle_cfg\stage\kernel_v11_r1_out\laya-nli-conflict/checkpoint_latest/encoder/config.json

('Connection broken: IncompleteRead(269913384 bytes read, 373922140 more expected)', IncompleteRead(269913384 bytes read, 373922140 more expected))
[10-03 12:57:33] pull attempt 2/3 network-failed; retry in 120s
[10-03 12:59:33] $ (kaggle) D:\Miniconda\envs\laya-ft\python.exe -m kaggle kernels output daphnelaurent/laya-nli-conflict-ce -p C:\kaggle_cfg\stage\kernel_v11_r1_out
[10-03 13:02:02] Output file downloaded to C:\kaggle_cfg\stage\kernel_v11_r1_out\laya-nli-conflict/checkpoint_latest/encoder/config.json

('Connection broken: IncompleteRead(351157979 bytes read, 292677545 more expected)', IncompleteRead(351157979 bytes read, 292677545 more expected))
[10-03 13:02:02] pull network-flaked 3x this tick; phase stays pull_r1 — next tick retries (not an ERROR)
[10-03 13:04:59] $ (kaggle) D:\Miniconda\envs\laya-ft\python.exe -m kaggle kernels output daphnelaurent/laya-nli-conflict-ce -p C:\kaggle_cfg\stage\kernel_v11_r1_out
[10-03 13:13:24] Output file downloaded to C:\kaggle_cfg\stage\kernel_v11_r1_out\laya-nli-conflict/metrics.json
Output file downloaded to C:\kaggle_cfg\stage\kernel_v11_r1_out\laya-nli-conflict/model.safetensors
Output file downloaded to C:\kaggle_cfg\stage\kernel_v11_r1_out\laya-nli-conflict/rl_agent_config.json
Output file downloaded to C:\kaggle_cfg\stage\kernel_v11_r1_out\laya-nli-conflict/tokenizer/tokenizer.json
Output file downloaded to C:\kaggle_cfg\stage\kernel_v11_r1_out\laya-nli-conflict/tokenizer/tokenizer_config.json
Output file downloaded to C:\kaggle_cfg\stage\kernel_v11_r1_out\laya-nli-conflict/val_probs.json
Output file downloaded to C:\kaggle_cfg\stage\kernel_v11_r1_out\train_nli_conflict.py
Kernel log downloaded to C:\kaggle_cfg\stage\kernel_v11_r1_out\laya-nli-conflict-ce.log
[10-03 13:13:25] r1 pulled from C:\kaggle_cfg\stage\kernel_v11_r1_out\laya-nli-conflict -> D:\laya-kaggle-output\laya-nli-conflict-v11-r1
[10-03 13:13:42] $ bash C:\kaggle_cfg\stage\eval_arm_v11.sh D:/laya-kaggle-output/laya-nli-conflict-v11-r1 r1
[10-03 13:13:42] /bin/bash: C:kaggle_cfgstageeval_arm_v11.sh: No such file or directory
[10-03 13:13:42] r1 eval battery failed rc=127
[10-03 13:15:19] $ bash C:/kaggle_cfg/stage/eval_arm_v11.sh D:/laya-kaggle-output/laya-nli-conflict-v11-r1 r1
[10-03 13:15:19] /bin/bash: C:/kaggle_cfg/stage/eval_arm_v11.sh: No such file or directory
[10-03 13:15:19] r1 eval battery failed rc=127
[10-03 13:20:43] $ D:\Miniconda\envs\laya-ft\python.exe eval_arm_v11.py D:/laya-kaggle-output/laya-nli-conflict-v11-r1 r1
[10-03 13:44:11]    val_soft coverage 0.9967 (nominal 90%) | realtest decide 35/35 | AURC 0.04082 vs oracle 0.00555
   abstained errors listed: 35
   saved: D:\laya\data_local/conformal_v11_r1_s2.json
== family diag (NEW V11 §2.2) [r1] ==
   OK   家族F8 laptop name false -> false 0.0947
   family: 7/9 ok | mean p_conflict 0.2169 | p>=0.9 cases 0
   saved: D:\laya\data_local/family_diag_v11_r1.json
== done [r1] rc=1 ==
[10-03 13:44:11] r1 eval battery failed rc=1
[10-03 13:49:12] $ (kaggle) D:\Miniconda\envs\laya-ft\python.exe -m kaggle kernels push -p C:\kaggle_cfg\stage\kernel_v11_r2
[10-03 13:49:20] Kernel version 10 successfully pushed.  Please check progress at https://www.kaggle.com/code/daphnelaurent/laya-nli-conflict-ce
[10-03 14:05:10] $ (kaggle) D:\Miniconda\envs\laya-ft\python.exe -m kaggle kernels status daphnelaurent/laya-nli-conflict-ce
[10-03 14:05:13] daphnelaurent/laya-nli-conflict-ce has status "KernelWorkerStatus.RUNNING"
[10-03 14:05:13] r2 still running; will re-check next tick
[10-03 14:35:17] $ (kaggle) D:\Miniconda\envs\laya-ft\python.exe -m kaggle kernels status daphnelaurent/laya-nli-conflict-ce
[10-03 14:35:29] daphnelaurent/laya-nli-conflict-ce has status "KernelWorkerStatus.COMPLETE"
[10-03 14:35:29] $ (kaggle) D:\Miniconda\envs\laya-ft\python.exe -m kaggle kernels output daphnelaurent/laya-nli-conflict-ce -p C:\kaggle_cfg\stage\kernel_v11_r2_out
[10-03 14:38:52] Output file downloaded to C:\kaggle_cfg\stage\kernel_v11_r2_out\laya-nli-conflict/metrics.json
Output file downloaded to C:\kaggle_cfg\stage\kernel_v11_r2_out\laya-nli-conflict/model.safetensors
Output file downloaded to C:\kaggle_cfg\stage\kernel_v11_r2_out\laya-nli-conflict/rl_agent_config.json
Output file downloaded to C:\kaggle_cfg\stage\kernel_v11_r2_out\laya-nli-conflict/tokenizer/tokenizer.json
Output file downloaded to C:\kaggle_cfg\stage\kernel_v11_r2_out\laya-nli-conflict/tokenizer/tokenizer_config.json
Output file downloaded to C:\kaggle_cfg\stage\kernel_v11_r2_out\laya-nli-conflict/val_probs.json
Output file downloaded to C:\kaggle_cfg\stage\kernel_v11_r2_out\train_nli_conflict.py
Kernel log downloaded to C:\kaggle_cfg\stage\kernel_v11_r2_out\laya-nli-conflict-ce.log
[10-03 14:38:53] r2 pulled from C:\kaggle_cfg\stage\kernel_v11_r2_out\laya-nli-conflict -> D:\laya-kaggle-output\laya-nli-conflict-v11-r2
[10-03 14:38:57] $ D:\Miniconda\envs\laya-ft\python.exe eval_arm_v11.py D:/laya-kaggle-output/laya-nli-conflict-v11-r2 r2
[10-03 14:38:58] Traceback (most recent call last):
  File "D:\laya\kaggle_eval\eval_arm_v11.py", line 39, in <module>
    run('realtest (old20/neg5/new10)',
TypeError: run() got an unexpected keyword argument 'expect'
[10-03 14:38:58] r2 eval battery failed rc=1
[10-03 14:41:54] $ D:\Miniconda\envs\laya-ft\python.exe eval_arm_v11.py D:/laya-kaggle-output/laya-nli-conflict-v11-r2 r2
[10-03 15:02:02]    val_soft coverage 1.0000 (nominal 90%) | realtest decide 35/35 | AURC 0.04174 vs oracle 0.00577
   abstained errors listed: 38
   saved: D:\laya\data_local/conformal_v11_r2_s2.json
== family diag (NEW V11 §2.2) [r2] ==
   OK   家族F8 laptop name false -> false 0.0862
   family: 9/9 ok | mean p_conflict 0.0939 | p>=0.9 cases 0
   saved: D:\laya\data_local/family_diag_v11_r2.json
== done [r2] rc=0 ==
[10-03 15:04:24] $ (kaggle) D:\Miniconda\envs\laya-ft\python.exe -m kaggle kernels push -p C:\kaggle_cfg\stage\kernel_v11_r3
[10-03 15:04:31] Kernel version 11 successfully pushed.  Please check progress at https://www.kaggle.com/code/daphnelaurent/laya-nli-conflict-ce
[10-03 15:35:10] $ (kaggle) D:\Miniconda\envs\laya-ft\python.exe -m kaggle kernels status daphnelaurent/laya-nli-conflict-ce
[10-03 15:35:13] daphnelaurent/laya-nli-conflict-ce has status "KernelWorkerStatus.COMPLETE"
[10-03 15:35:13] $ (kaggle) D:\Miniconda\envs\laya-ft\python.exe -m kaggle kernels output daphnelaurent/laya-nli-conflict-ce -p C:\kaggle_cfg\stage\kernel_v11_r3_out
[10-03 15:46:42] Output file downloaded to C:\kaggle_cfg\stage\kernel_v11_r3_out\laya-nli-conflict/checkpoint_latest/encoder/config.json
Output file downloaded to C:\kaggle_cfg\stage\kernel_v11_r3_out\laya-nli-conflict/checkpoint_latest/model.safetensors
Output file downloaded to C:\kaggle_cfg\stage\kernel_v11_r3_out\laya-nli-conflict/checkpoint_latest/tokenizer/tokenizer.json
Output file downloaded to C:\kaggle_cfg\stage\kernel_v11_r3_out\laya-nli-conflict/checkpoint_latest/tokenizer/tokenizer_config.json
Output file downloaded to C:\kaggle_cfg\stage\kernel_v11_r3_out\laya-nli-conflict/encoder/config.json
Output file downloaded to C:\kaggle_cfg\stage\kernel_v11_r3_out\laya-nli-conflict/metrics.json

('Connection broken: IncompleteRead(211084458 bytes read, 432751066 more expected)', IncompleteRead(211084458 bytes read, 432751066 more expected))
[10-03 15:46:42] pull attempt 1/3 network-failed; retry in 120s
[10-03 15:48:42] $ (kaggle) D:\Miniconda\envs\laya-ft\python.exe -m kaggle kernels output daphnelaurent/laya-nli-conflict-ce -p C:\kaggle_cfg\stage\kernel_v11_r3_out
[10-03 15:58:35] Output file downloaded to C:\kaggle_cfg\stage\kernel_v11_r3_out\laya-nli-conflict/checkpoint_latest/encoder/config.json

('Connection broken: IncompleteRead(578332771 bytes read, 65502753 more expected)', IncompleteRead(578332771 bytes read, 65502753 more expected))
[10-03 15:58:35] pull attempt 2/3 network-failed; retry in 120s
[10-03 16:00:35] $ (kaggle) D:\Miniconda\envs\laya-ft\python.exe -m kaggle kernels output daphnelaurent/laya-nli-conflict-ce -p C:\kaggle_cfg\stage\kernel_v11_r3_out
[10-03 16:17:33] Output file downloaded to C:\kaggle_cfg\stage\kernel_v11_r3_out\laya-nli-conflict/metrics.json
Output file downloaded to C:\kaggle_cfg\stage\kernel_v11_r3_out\laya-nli-conflict/model.safetensors
Output file downloaded to C:\kaggle_cfg\stage\kernel_v11_r3_out\laya-nli-conflict/rl_agent_config.json
Output file downloaded to C:\kaggle_cfg\stage\kernel_v11_r3_out\laya-nli-conflict/tokenizer/tokenizer.json
Output file downloaded to C:\kaggle_cfg\stage\kernel_v11_r3_out\laya-nli-conflict/tokenizer/tokenizer_config.json
Output file downloaded to C:\kaggle_cfg\stage\kernel_v11_r3_out\laya-nli-conflict/val_probs.json
Output file downloaded to C:\kaggle_cfg\stage\kernel_v11_r3_out\train_nli_conflict.py
Kernel log downloaded to C:\kaggle_cfg\stage\kernel_v11_r3_out\laya-nli-conflict-ce.log
[10-03 16:17:34] r3 pulled from C:\kaggle_cfg\stage\kernel_v11_r3_out\laya-nli-conflict -> D:\laya-kaggle-output\laya-nli-conflict-v11-r3
[10-03 16:17:41] $ D:\Miniconda\envs\laya-ft\python.exe eval_arm_v11.py D:/laya-kaggle-output/laya-nli-conflict-v11-r3 r3
[10-04 00:48:09] $ D:\Miniconda\envs\laya-ft\python.exe eval_arm_v11.py D:/laya-kaggle-output/laya-nli-conflict-v11-r3 r3
[10-04 01:13:56]    val_soft coverage 1.0000 (nominal 90%) | realtest decide 35/35 | AURC 0.03931 vs oracle 0.00599
   abstained errors listed: 33
   saved: D:\laya\data_local/conformal_v11_r3_s2.json
== family diag (NEW V11 §2.2) [r3] ==
   OK   家族F8 laptop name false -> false 0.0711
   family: 9/9 ok | mean p_conflict 0.0794 | p>=0.9 cases 0
   saved: D:\laya\data_local/family_diag_v11_r3.json
== done [r3] rc=0 ==
[10-04 01:14:33] $ D:\Miniconda\envs\laya-ft\python.exe protocol_verdict.py --tags r1,r2,r3 --prefix v11_
[10-04 01:14:33]             ^^^^^^^^^^^^^^^^^^^^
  File "D:\laya\kaggle_eval\protocol_verdict.py", line 48, in main_val_acc
    rows = load(f'{prefix}val_probs_{tag}.json')
           ^^^^^^^^^^^^^^^^^^^^^^^^^^^^^^^^^^^^^
  File "D:\laya\kaggle_eval\protocol_verdict.py", line 44, in load
    return json.load(open(os.path.join(_D, path), encoding='utf-8'))
                     ^^^^^^^^^^^^^^^^^^^^^^^^^^^^^^^^^^^^^^^^^^^^^^
FileNotFoundError: [Errno 2] No such file or directory: 'D:\\laya\\kaggle_eval\\..\\data_local\\v11_val_probs_r1.json'
[10-04 01:14:33] VERDICT rc=1 (FAIL -> no delivery); orchestrator stopped — HF delivery is human-gated (§1.3)
[10-04 01:19:11] $ D:\Miniconda\envs\laya-ft\python.exe protocol_verdict.py --tags r1,r2,r3 --prefix v11_
[10-04 01:19:11]   PASS  8 polarity val_soft(all<=1)
  PASS  9 band(all >=8pp)
  PASS  10 conformal(adopted rule, all >=50%@<=35%)
  PASS  11 bias_diag(>=2/3 runs >=13/14)
  PASS  12 family(median mean-p<0.5 AND all runs <=1 case p>=0.9)
  PASS  13 hygiene(0/35 + family cases 0 overlap asserted at gen)

PROTOCOL VERDICT: FAIL -> no delivery, HF untouched
[10-04 01:19:11] VERDICT rc=1 (FAIL -> no delivery); orchestrator stopped — HF delivery is human-gated (§1.3)
[10-04 01:25:07] state=done — no-op (human review / finished)
[10-04 01:34:35] state=done — no-op (human review / finished)
