[10-07 22:31:31] $ (kaggle) D:\Miniconda\envs\laya-ft\python.exe -m kaggle kernels push -p C:\kaggle_cfg\stage\kernel_v13_r1
[10-07 22:31:41] Kernel version 15 successfully pushed.  Please check progress at https://www.kaggle.com/code/daphnelaurent/laya-nli-conflict-ce
[10-07 23:00:41] $ (kaggle) D:\Miniconda\envs\laya-ft\python.exe -m kaggle kernels status daphnelaurent/laya-nli-conflict-ce
[10-07 23:00:46] daphnelaurent/laya-nli-conflict-ce has status "KernelWorkerStatus.COMPLETE"
[10-07 23:00:46] $ (kaggle) D:\Miniconda\envs\laya-ft\python.exe -m kaggle kernels output daphnelaurent/laya-nli-conflict-ce -p C:\kaggle_cfg\stage\kernel_v13_r1_out
[10-07 23:01:48] Output file downloaded to C:\kaggle_cfg\stage\kernel_v13_r1_out\laya-nli-conflict/checkpoint_latest/encoder/config.json

('Connection broken: IncompleteRead(34583841 bytes read, 609251683 more expected)', IncompleteRead(34583841 bytes read, 609251683 more expected))
[10-07 23:01:48] pull attempt 1/3 network-failed; retry in 120s
[10-07 23:03:48] $ (kaggle) D:\Miniconda\envs\laya-ft\python.exe -m kaggle kernels output daphnelaurent/laya-nli-conflict-ce -p C:\kaggle_cfg\stage\kernel_v13_r1_out
[10-07 23:08:32] Output file downloaded to C:\kaggle_cfg\stage\kernel_v13_r1_out\laya-nli-conflict/metrics.json
Output file downloaded to C:\kaggle_cfg\stage\kernel_v13_r1_out\laya-nli-conflict/model.safetensors
Output file downloaded to C:\kaggle_cfg\stage\kernel_v13_r1_out\laya-nli-conflict/rl_agent_config.json
Output file downloaded to C:\kaggle_cfg\stage\kernel_v13_r1_out\laya-nli-conflict/tokenizer/tokenizer.json
Output file downloaded to C:\kaggle_cfg\stage\kernel_v13_r1_out\laya-nli-conflict/tokenizer/tokenizer_config.json
Output file downloaded to C:\kaggle_cfg\stage\kernel_v13_r1_out\laya-nli-conflict/val_probs.json
Output file downloaded to C:\kaggle_cfg\stage\kernel_v13_r1_out\train_nli_conflict.py
Kernel log downloaded to C:\kaggle_cfg\stage\kernel_v13_r1_out\laya-nli-conflict-ce.log
[10-07 23:08:36] r1 pulled from C:\kaggle_cfg\stage\kernel_v13_r1_out\laya-nli-conflict -> D:\laya-kaggle-output\laya-nli-conflict-v13-r1
[10-07 23:09:07] $ D:\Miniconda\envs\laya-ft\python.exe eval_arm_v13.py D:/laya-kaggle-output/laya-nli-conflict-v13-r1 r1
[10-07 23:32:50]    OK   家族F8 laptop name false -> false 0.0743
   family: 9/9 ok | mean p_conflict 0.0860 | p>=0.9 cases 0
   saved: D:\laya\data_local/family_diag_v13_r1.json
== negfam diag (NEW V12 §2.2) [r1] ==
   MISS 否定家族N8 device (en) true -> false 0.1382
   negfam: 6/8 ok | mean p_conflict 0.7288 | p<0.5 cases 2
   saved: D:\laya\data_local/negfam_diag_v13_r1.json
== done [r1] rc=0 ==
[10-07 23:34:53] $ (kaggle) D:\Miniconda\envs\laya-ft\python.exe -m kaggle kernels push -p C:\kaggle_cfg\stage\kernel_v13_r2
[10-07 23:34:59] Kernel version 16 successfully pushed.  Please check progress at https://www.kaggle.com/code/daphnelaurent/laya-nli-conflict-ce
[10-07 23:37:48] $ (kaggle) D:\Miniconda\envs\laya-ft\python.exe -m kaggle kernels status daphnelaurent/laya-nli-conflict-ce
[10-07 23:37:52] daphnelaurent/laya-nli-conflict-ce has status "KernelWorkerStatus.RUNNING"
[10-07 23:37:52] r2 still running; will re-check next tick
[10-07 23:47:58] $ (kaggle) D:\Miniconda\envs\laya-ft\python.exe -m kaggle kernels status daphnelaurent/laya-nli-conflict-ce
[10-07 23:48:02] daphnelaurent/laya-nli-conflict-ce has status "KernelWorkerStatus.RUNNING"
[10-07 23:48:02] r2 still running; will re-check next tick
[10-07 23:58:35] $ (kaggle) D:\Miniconda\envs\laya-ft\python.exe -m kaggle kernels status daphnelaurent/laya-nli-conflict-ce
[10-07 23:58:39] daphnelaurent/laya-nli-conflict-ce has status "KernelWorkerStatus.COMPLETE"
[10-07 23:58:39] $ (kaggle) D:\Miniconda\envs\laya-ft\python.exe -m kaggle kernels output daphnelaurent/laya-nli-conflict-ce -p C:\kaggle_cfg\stage\kernel_v13_r2_out
[10-08 00:01:02] Output file downloaded to C:\kaggle_cfg\stage\kernel_v13_r2_out\laya-nli-conflict/checkpoint_latest/encoder/config.json
Output file downloaded to C:\kaggle_cfg\stage\kernel_v13_r2_out\laya-nli-conflict/checkpoint_latest/model.safetensors
Output file downloaded to C:\kaggle_cfg\stage\kernel_v13_r2_out\laya-nli-conflict/checkpoint_latest/tokenizer/tokenizer.json
Output file downloaded to C:\kaggle_cfg\stage\kernel_v13_r2_out\laya-nli-conflict/checkpoint_latest/tokenizer/tokenizer_config.json
Output file downloaded to C:\kaggle_cfg\stage\kernel_v13_r2_out\laya-nli-conflict/encoder/config.json
Output file downloaded to C:\kaggle_cfg\stage\kernel_v13_r2_out\laya-nli-conflict/metrics.json

('Connection broken: IncompleteRead(300695259 bytes read, 343140265 more expected)', IncompleteRead(300695259 bytes read, 343140265 more expected))
[10-08 00:01:02] pull attempt 1/3 network-failed; retry in 120s
[10-08 00:03:02] $ (kaggle) D:\Miniconda\envs\laya-ft\python.exe -m kaggle kernels output daphnelaurent/laya-nli-conflict-ce -p C:\kaggle_cfg\stage\kernel_v13_r2_out
[10-08 00:05:27] Output file downloaded to C:\kaggle_cfg\stage\kernel_v13_r2_out\laya-nli-conflict/checkpoint_latest/encoder/config.json
Output file downloaded to C:\kaggle_cfg\stage\kernel_v13_r2_out\laya-nli-conflict/checkpoint_latest/model.safetensors
Output file downloaded to C:\kaggle_cfg\stage\kernel_v13_r2_out\laya-nli-conflict/checkpoint_latest/tokenizer/tokenizer.json
Output file downloaded to C:\kaggle_cfg\stage\kernel_v13_r2_out\laya-nli-conflict/checkpoint_latest/tokenizer/tokenizer_config.json
Output file downloaded to C:\kaggle_cfg\stage\kernel_v13_r2_out\laya-nli-conflict/encoder/config.json
Output file downloaded to C:\kaggle_cfg\stage\kernel_v13_r2_out\laya-nli-conflict/metrics.json

('Connection broken: IncompleteRead(400616908 bytes read, 243218616 more expected)', IncompleteRead(400616908 bytes read, 243218616 more expected))
[10-08 00:05:27] pull attempt 2/3 network-failed; retry in 120s
[10-08 00:07:27] $ (kaggle) D:\Miniconda\envs\laya-ft\python.exe -m kaggle kernels output daphnelaurent/laya-nli-conflict-ce -p C:\kaggle_cfg\stage\kernel_v13_r2_out
[10-08 00:25:37] Output file downloaded to C:\kaggle_cfg\stage\kernel_v13_r2_out\laya-nli-conflict/metrics.json
Output file downloaded to C:\kaggle_cfg\stage\kernel_v13_r2_out\laya-nli-conflict/model.safetensors
Output file downloaded to C:\kaggle_cfg\stage\kernel_v13_r2_out\laya-nli-conflict/rl_agent_config.json
Output file downloaded to C:\kaggle_cfg\stage\kernel_v13_r2_out\laya-nli-conflict/tokenizer/tokenizer.json
Output file downloaded to C:\kaggle_cfg\stage\kernel_v13_r2_out\laya-nli-conflict/tokenizer/tokenizer_config.json
Output file downloaded to C:\kaggle_cfg\stage\kernel_v13_r2_out\laya-nli-conflict/val_probs.json
Output file downloaded to C:\kaggle_cfg\stage\kernel_v13_r2_out\train_nli_conflict.py
Kernel log downloaded to C:\kaggle_cfg\stage\kernel_v13_r2_out\laya-nli-conflict-ce.log
[10-08 00:25:38] r2 pulled from C:\kaggle_cfg\stage\kernel_v13_r2_out\laya-nli-conflict -> D:\laya-kaggle-output\laya-nli-conflict-v13-r2
[10-08 00:25:45] $ D:\Miniconda\envs\laya-ft\python.exe eval_arm_v13.py D:/laya-kaggle-output/laya-nli-conflict-v13-r2 r2
[10-08 00:47:16]    OK   家族F8 laptop name false -> false 0.0809
   family: 9/9 ok | mean p_conflict 0.0877 | p>=0.9 cases 0
   saved: D:\laya\data_local/family_diag_v13_r2.json
== negfam diag (NEW V12 §2.2) [r2] ==
   MISS 否定家族N8 device (en) true -> false 0.1131
   negfam: 6/8 ok | mean p_conflict 0.7122 | p<0.5 cases 2
   saved: D:\laya\data_local/negfam_diag_v13_r2.json
== done [r2] rc=0 ==
[10-08 01:13:59] $ (kaggle) D:\Miniconda\envs\laya-ft\python.exe -m kaggle kernels push -p C:\kaggle_cfg\stage\kernel_v13_r3
[10-08 01:14:06] Kernel version 17 successfully pushed.  Please check progress at https://www.kaggle.com/code/daphnelaurent/laya-nli-conflict-ce
[10-08 01:43:43] $ (kaggle) D:\Miniconda\envs\laya-ft\python.exe -m kaggle kernels status daphnelaurent/laya-nli-conflict-ce
[10-08 01:43:48] daphnelaurent/laya-nli-conflict-ce has status "KernelWorkerStatus.COMPLETE"
[10-08 01:43:48] $ (kaggle) D:\Miniconda\envs\laya-ft\python.exe -m kaggle kernels output daphnelaurent/laya-nli-conflict-ce -p C:\kaggle_cfg\stage\kernel_v13_r3_out
[10-08 01:46:27] Output file downloaded to C:\kaggle_cfg\stage\kernel_v13_r3_out\laya-nli-conflict/metrics.json
Output file downloaded to C:\kaggle_cfg\stage\kernel_v13_r3_out\laya-nli-conflict/model.safetensors
Output file downloaded to C:\kaggle_cfg\stage\kernel_v13_r3_out\laya-nli-conflict/rl_agent_config.json
Output file downloaded to C:\kaggle_cfg\stage\kernel_v13_r3_out\laya-nli-conflict/tokenizer/tokenizer.json
Output file downloaded to C:\kaggle_cfg\stage\kernel_v13_r3_out\laya-nli-conflict/tokenizer/tokenizer_config.json
Output file downloaded to C:\kaggle_cfg\stage\kernel_v13_r3_out\laya-nli-conflict/val_probs.json
Output file downloaded to C:\kaggle_cfg\stage\kernel_v13_r3_out\train_nli_conflict.py
Kernel log downloaded to C:\kaggle_cfg\stage\kernel_v13_r3_out\laya-nli-conflict-ce.log
[10-08 01:46:33] r3 pulled from C:\kaggle_cfg\stage\kernel_v13_r3_out\laya-nli-conflict -> D:\laya-kaggle-output\laya-nli-conflict-v13-r3
[10-08 01:46:48] $ D:\Miniconda\envs\laya-ft\python.exe eval_arm_v13.py D:/laya-kaggle-output/laya-nli-conflict-v13-r3 r3
[10-08 02:16:08]    OK   家族F8 laptop name false -> false 0.0664
   family: 9/9 ok | mean p_conflict 0.0760 | p>=0.9 cases 0
   saved: D:\laya\data_local/family_diag_v13_r3.json
== negfam diag (NEW V12 §2.2) [r3] ==
   MISS 否定家族N8 device (en) true -> false 0.1048
   negfam: 7/8 ok | mean p_conflict 0.7850 | p<0.5 cases 1
   saved: D:\laya\data_local/negfam_diag_v13_r3.json
== done [r3] rc=0 ==
[10-08 02:16:22] $ D:\Miniconda\envs\laya-ft\python.exe protocol_verdict.py --protocol v13 --tags r1,r2,r3 --prefix v13_
[10-08 02:16:22]   PASS  9 band(all >=8pp)
  FAIL  10 conformal(adopted rule, all >=50%@<=35%)
  PASS  11 bias_diag(>=2/3 runs >=13/14)
  PASS  12 family(median mean-p<0.5 AND all runs <=1 case p>=0.9)
  FAIL  13 negfam(median mean-p>=0.5 AND all runs <=1 case p<0.5)
  PASS  14 hygiene(0/35 + family 9+8=17 cases 0 overlap asserted at gen)

PROTOCOL VERDICT: FAIL -> no delivery, HF untouched
[10-08 02:16:22] VERDICT rc=1 (FAIL -> no delivery); orchestrator stopped — HF delivery is human-gated (§1.3)
[10-08 02:18:49] state=done — no-op (human review / finished)
[10-08 02:43:44] state=done — no-op (human review / finished)
[10-08 03:13:53] state=done — no-op (human review / finished)
[10-08 04:43:58] state=done — no-op (human review / finished)
